../Core/Src/main.c:115:6:interrupt	16	static
../Core/Src/main.c:151:6:calculation	24	static
../Core/Src/main.c:177:6:freq_filtering	16	static
../Core/Src/main.c:205:5:main	8	static
../Core/Src/main.c:295:6:SystemClock_Config	80	static
../Core/Src/main.c:330:13:MX_ADC_Init	24	static
../Core/Src/main.c:396:13:MX_TIM15_Init	32	static
../Core/Src/main.c:440:13:MX_DMA_Init	16	static
../Core/Src/main.c:457:13:MX_GPIO_Init	48	static
../Core/Src/main.c:490:6:HAL_TIM_PeriodElapsedCallback	16	static
../Core/Src/main.c:554:6:HAL_ADC_ConvCpltCallback	24	static
../Core/Src/main.c:670:6:Error_Handler	8	static
