../Core/Src/main.c:117:6:interrupt	16	static
../Core/Src/main.c:165:6:calculation	24	static
../Core/Src/main.c:191:6:freq_filtering	16	static
../Core/Src/main.c:219:5:main	8	static
../Core/Src/main.c:309:6:SystemClock_Config	80	static
../Core/Src/main.c:344:13:MX_ADC_Init	24	static
../Core/Src/main.c:410:13:MX_TIM15_Init	32	static
../Core/Src/main.c:454:13:MX_DMA_Init	16	static
../Core/Src/main.c:471:13:MX_GPIO_Init	48	static
../Core/Src/main.c:504:6:HAL_TIM_PeriodElapsedCallback	16	static
../Core/Src/main.c:568:6:HAL_ADC_ConvCpltCallback	24	static
../Core/Src/main.c:677:6:Error_Handler	8	static
